<?xml version="1.0"?>
<testsuites>
  <testsuite name="Chrome 43.0.2357 (Mac OS X 10.10.3)" package="" timestamp="2015-05-28T21:15:04" id="0" hostname="Darraghs-MBP" tests="2" errors="0" failures="0" time="0.045">
    <properties>
      <property name="browser.fullName" value="Mozilla/5.0 (Macintosh; Intel Mac OS X 10_10_3) AppleWebKit/537.36 (KHTML, like Gecko) Chrome/43.0.2357.81 Safari/537.36"/>
    </properties>
    <testcase name="should equal Inside HTML element" time="0.037" classname="Chrome 43.0.2357 (Mac OS X 10.10.3).fp-likelihood-user-estimate_directive_js"/>
    <testcase name="should be equal to &quot;4&quot;" time="0.008" classname="Chrome 43.0.2357 (Mac OS X 10.10.3).fp-likelihood-user-estimate_directive_js compiling of angular_element"/>
    <system-out><![CDATA[
]]></system-out>
    <system-err/>
  </testsuite>
</testsuites>
